============================================
  DOUBLY LINKED, CIRCULAR QUEUE OPERATIONS  
============================================
0 - Print menu
1 - Start new queue
2 - Add new element to queue
3 - Pop element from queue
4 - Count number of elements in queue
5 - Iterate through queue N number of times
6 - Rotate queue
7 - Rotate queue N number of times
8 - Print queue
9 - Quit

Please type a command (0 for menu): 


Q = {  }


Please type a command (0 for menu): 
Enter payload: 
Q = { 1 }

Please type a command (0 for menu): 
Enter payload: 
Q = { 1 , 2 }

Please type a command (0 for menu): 
Enter payload: 
Q = { 1 , 2 , 3 }

Please type a command (0 for menu): 
Enter payload: 
Q = { 1 , 2 , 3 , 4 }

Please type a command (0 for menu): 
Enter payload: 
Q = { 1 , 2 , 3 , 4 , 5 }

Please type a command (0 for menu): 
Enter payload: 
Q = { 1 , 2 , 3 , 4 , 5 , 6 }

Please type a command (0 for menu): 
Popped Payload: 1

Q = { 2 , 3 , 4 , 5 , 6 }

Please type a command (0 for menu): 
Popped Payload: 2

Q = { 3 , 4 , 5 , 6 }

Please type a command (0 for menu): 
Popped Payload: 3

Q = { 4 , 5 , 6 }

Please type a command (0 for menu): 
Popped Payload: 4

Q = { 5 , 6 }

Please type a command (0 for menu): 
Popped Payload: 5

Q = { 6 }

Please type a command (0 for menu): 
Popped Payload: 6

Q = {  }


Please type a command (0 for menu): Error: Queue does not exist. Please create it first.

Q = {  }


Please type a command (0 for menu): 
Enter payload: 
Q = { 1 }

Please type a command (0 for menu): 
Enter payload: 
Q = { 1 , 2 }

Please type a command (0 for menu): 
Enter payload: 
Q = { 1 , 2 , 3 }

Please type a command (0 for menu): 
Queue has been rotated.

Q = { 2 , 3 , 1 }

Please type a command (0 for menu): 
Queue has been rotated.

Q = { 3 , 1 , 2 }

Please type a command (0 for menu): 
Queue has been rotated.

Q = { 1 , 2 , 3 }

Please type a command (0 for menu): 
Queue has been rotated.

Q = { 2 , 3 , 1 }

Please type a command (0 for menu): 


Program Terminated.
